// Jest Snapshot v1, https://goo.gl/fbAQLP

exports[`Header component renders 1`] = `
<header>
  <img
    alt="logo"
    src="logo.svg"
  />
  <h1>
    Welcome to React
  </h1>
</header>
`;
